// Jest Snapshot v1, https://goo.gl/fbAQLP

exports[`matches snapshot 1`] = `
<section
  className="sc-AxjAm djeBuX"
>
  <input
    className="sc-AxirZ kPSsRL"
    defaultValue=""
  />
</section>
`;
