// Jest Snapshot v1, https://goo.gl/fbAQLP

exports[`matches snapshot 1`] = `
<div
  className="sc-AxjAm eMqVPu"
>
  <p
    data-testid="errormessage"
  >
    Error Message
  </p>
</div>
`;
