// Jest Snapshot v1, https://goo.gl/fbAQLP

exports[`matches snapshot 1`] = `
<div
  className="sc-AxjAm bcsFCu"
>
  <button
    className="sc-AxirZ kbCSaR"
    data-testid="button"
  >
    Search
  </button>
</div>
`;
